
[1m[46m RUN [49m[22m [36mv4.1.1 [39m[90mC:/Users/josma/OneDrive/Escritorio/SyqueX/frontend[39m

 [31mΓ¥»[39m src/components/SoapNoteDocument.test.jsx [2m([22m[2m16 tests[22m[2m | [22m[31m1 failed[39m[2m)[22m[33m 908[2mms[22m[39m
     [32mΓ£ô[39m renderiza las 4 secciones SOAP con nota estructurada[32m 79[2mms[22m[39m
     [32mΓ£ô[39m muestra el contenido de cada secci├│n[32m 8[2mms[22m[39m
     [32mΓ£ô[39m muestra header label "Nota Cl├¡nica ┬╖ SOAP"[32m 7[2mms[22m[39m
     [32mΓ£ô[39m muestra alertas cuando existen[32m 9[2mms[22m[39m
[31m     [31m├ù[31m muestra patrones evolutivos cuando existen[39m[32m 19[2mms[22m[39m
     [32mΓ£ô[39m no muestra alertas cuando array est├í vac├¡o[32m 9[2mms[22m[39m
     [32mΓ£ô[39m usa text_fallback y parsea SOAP cuando no hay clinical_note[32m 5[2mms[22m[39m
     [32mΓ£ô[39m oculta bot├│n Confirmar cuando readOnly=true[32m 7[2mms[22m[39m
     [32mΓ£ô[39m muestra bot├│n "Confirmar y guardar" cuando readOnly=false[32m 270[2mms[22m[39m
     [32mΓ£ô[39m click en Confirmar llama confirmNote con session_id[32m 183[2mms[22m[39m
     [32mΓ£ô[39m muestra "Guardada Γ£ô" despu├⌐s de confirmar exitosamente[32m 104[2mms[22m[39m
     [32mΓ£ô[39m muestra error cuando confirmNote falla[32m 93[2mms[22m[39m
     [32mΓ£ô[39m muestra "GuardandoΓÇª" durante el proceso de confirmaci├│n[32m 88[2mms[22m[39m
     [32mΓ£ô[39m oculta header "Nota Cl├¡nica ┬╖ SOAP" cuando compact=true[32m 12[2mms[22m[39m
     [32mΓ£ô[39m muestra header "Nota Cl├¡nica ┬╖ SOAP" cuando compact=false (default)[32m 5[2mms[22m[39m
     [32mΓ£ô[39m aplica padding reducido cuando compact=true[32m 5[2mms[22m[39m

[2m Test Files [22m [1m[31m1 failed[39m[22m[90m (1)[39m
[2m      Tests [22m [1m[31m1 failed[39m[22m[2m | [22m[1m[32m15 passed[39m[22m[90m (16)[39m
[2m   Start at [22m 21:38:43
[2m   Duration [22m 4.06s[2m (transform 113ms, setup 258ms, import 460ms, tests 908ms, environment 2.02s)[22m

